The formula is not enforceable because the variable
 y
is not monitorable in
 A(f(x, y))