version https://git-lfs.github.com/spec/v1
oid sha256:1766190ab1e08c8880af8cf47293704b12827af9a21d11c0e2434c323d0796ff
size 259200302
