The formula
 BC(1) ∧ ¬BC(1)
is not enforceable because the constraint
 t(BC) ⋡ Obs ∧ t(BC) ≽ Cau ∧ t(BC) ⋡ Obs ∧ t(BC) ≽ Sup
has no solution.