The formula
 A(x)
is not closed: free variables are x