The formula
 □[0s,∞) ∀x. B(x) → B(add(x, 1))
is not enforceable because the constraint
 t(B) ⋡ Obs ∧ t(B) ≽ NCau ∧ NCau ⋡ t(B)
has no solution.